Drill report for SparkFun_IoT_RedBoard-RP2350_panelized.kicad_pcb
Created on 2025-02-05T17:53:08-0700

Copper Layer Stackup:
    =============================================================
    L1 :  F.Cu                      front
    L2 :  In1.Cu                    in1
    L3 :  In2.Cu                    in2
    L4 :  B.Cu                      back


Drill file 'SparkFun_IoT_RedBoard-RP2350_panelized.drl' contains
    plated through holes:
    =============================================================
    T1  0.200mm  0.0079"  (3870 holes)
    T2  0.600mm  0.0236"  (40 holes)  (with 40 slots)
    T3  1.016mm  0.0400"  (390 holes)

    Total plated holes count 4300


Not plated through holes are merged with plated holes
    unplated through holes:
    =============================================================
    T4  0.650mm  0.0256"  (20 holes)
    T5  1.000mm  0.0394"  (20 holes)
    T6  2.032mm  0.0800"  (20 holes)
    T7  3.100mm  0.1220"  (40 holes)

    Total unplated holes count 100
