Drill report for SparkFun_IoT_RedBoard-RP2350_panelized.kicad_pcb
Created on 2024-12-20T13:40:35-0700

Copper Layer Stackup:
    =============================================================
    L1 :  F.Cu                      front
    L2 :  In1.Cu                    in1
    L3 :  In2.Cu                    in2
    L4 :  B.Cu                      back


Drill file 'SparkFun_IoT_RedBoard-RP2350_panelized.drl' contains
    plated through holes:
    =============================================================
    T1  0.200mm  0.0079"  (774 holes)
    T2  0.600mm  0.0236"  (8 holes)  (with 8 slots)
    T3  1.016mm  0.0400"  (78 holes)

    Total plated holes count 860


Not plated through holes are merged with plated holes
    unplated through holes:
    =============================================================
    T4  0.650mm  0.0256"  (4 holes)
    T5  1.000mm  0.0394"  (4 holes)
    T6  2.032mm  0.0800"  (4 holes)
    T7  3.100mm  0.1220"  (8 holes)

    Total unplated holes count 20
